exports[`test renders correctly 1`] = `
<View
  style={
    Object {
      "borderRadius": 64,
      "flex": 1,
      "justifyContent": "space-between",
      "margin": 16,
      "paddingTop": 24,
    }
  }>
  <View
    style={
      Object {
        "backgroundColor": "teal",
        "borderRadius": 24,
        "flex": 1,
        "marginBottom": 10,
        "padding": 10,
      }
    }>
    <Text
      accessible={true}
      allowFontScaling={true}
      ellipsizeMode="tail"
      style={
        Object {
          "color": "white",
          "fontSize": 18,
          "fontWeight": "bold",
          "marginBottom": 5,
        }
      }>
      Avaliable Projects
    </Text>
    <ScrollView>
      <View
        style={
          Object {
            "backgroundColor": "skyblue",
            "borderRadius": 10,
            "flexDirection": "row",
            "height": 50,
            "marginBottom": 5,
            "marginTop": 5,
            "padding": 4,
          }
        }>
        <View
          style={
            Object {
              "flex": 1,
              "flexDirection": "column",
            }
          }>
          <Text
            accessible={true}
            allowFontScaling={true}
            ellipsizeMode="tail"
            style={
              Object {
                "color": "teal",
                "flex": 2,
                "fontSize": 14,
                "fontWeight": "bold",
              }
            }>
            abc
          </Text>
          <Text
            accessible={true}
            allowFontScaling={true}
            ellipsizeMode="tail"
            style={
              Object {
                "color": "teal",
                "flex": 1,
                "fontSize": 13,
                "fontWeight": "bold",
              }
            } />
        </View>
        <View
          accessibilityComponentType={undefined}
          accessibilityLabel={undefined}
          accessibilityTraits={undefined}
          accessible={true}
          hitSlop={undefined}
          onLayout={undefined}
          onResponderGrant={[Function]}
          onResponderMove={[Function]}
          onResponderRelease={[Function]}
          onResponderTerminate={[Function]}
          onResponderTerminationRequest={[Function]}
          onStartShouldSetResponder={[Function]}
          style={
            Object {
              "opacity": 1,
            }
          }
          testID={undefined}>
          <Text
            accessible={true}
            allowFontScaling={true}
            ellipsizeMode="tail">
            Add
          </Text>
        </View>
      </View>
      <View
        style={
          Object {
            "backgroundColor": "skyblue",
            "borderRadius": 10,
            "flexDirection": "row",
            "height": 50,
            "marginBottom": 5,
            "marginTop": 5,
            "padding": 4,
          }
        }>
        <View
          style={
            Object {
              "flex": 1,
              "flexDirection": "column",
            }
          }>
          <Text
            accessible={true}
            allowFontScaling={true}
            ellipsizeMode="tail"
            style={
              Object {
                "color": "teal",
                "flex": 2,
                "fontSize": 14,
                "fontWeight": "bold",
              }
            }>
            def
          </Text>
          <Text
            accessible={true}
            allowFontScaling={true}
            ellipsizeMode="tail"
            style={
              Object {
                "color": "teal",
                "flex": 1,
                "fontSize": 13,
                "fontWeight": "bold",
              }
            } />
        </View>
        <View
          accessibilityComponentType={undefined}
          accessibilityLabel={undefined}
          accessibilityTraits={undefined}
          accessible={true}
          hitSlop={undefined}
          onLayout={undefined}
          onResponderGrant={[Function]}
          onResponderMove={[Function]}
          onResponderRelease={[Function]}
          onResponderTerminate={[Function]}
          onResponderTerminationRequest={[Function]}
          onStartShouldSetResponder={[Function]}
          style={
            Object {
              "opacity": 1,
            }
          }
          testID={undefined}>
          <Text
            accessible={true}
            allowFontScaling={true}
            ellipsizeMode="tail">
            Add
          </Text>
        </View>
      </View>
      <View
        style={
          Object {
            "backgroundColor": "skyblue",
            "borderRadius": 10,
            "flexDirection": "row",
            "height": 50,
            "marginBottom": 5,
            "marginTop": 5,
            "padding": 4,
          }
        }>
        <View
          style={
            Object {
              "flex": 1,
              "flexDirection": "column",
            }
          }>
          <Text
            accessible={true}
            allowFontScaling={true}
            ellipsizeMode="tail"
            style={
              Object {
                "color": "teal",
                "flex": 2,
                "fontSize": 14,
                "fontWeight": "bold",
              }
            }>
            ghi
          </Text>
          <Text
            accessible={true}
            allowFontScaling={true}
            ellipsizeMode="tail"
            style={
              Object {
                "color": "teal",
                "flex": 1,
                "fontSize": 13,
                "fontWeight": "bold",
              }
            } />
        </View>
        <View
          accessibilityComponentType={undefined}
          accessibilityLabel={undefined}
          accessibilityTraits={undefined}
          accessible={true}
          hitSlop={undefined}
          onLayout={undefined}
          onResponderGrant={[Function]}
          onResponderMove={[Function]}
          onResponderRelease={[Function]}
          onResponderTerminate={[Function]}
          onResponderTerminationRequest={[Function]}
          onStartShouldSetResponder={[Function]}
          style={
            Object {
              "opacity": 1,
            }
          }
          testID={undefined}>
          <Text
            accessible={true}
            allowFontScaling={true}
            ellipsizeMode="tail">
            Add
          </Text>
        </View>
      </View>
    </ScrollView>
  </View>
  <View
    style={
      Object {
        "backgroundColor": "teal",
        "borderRadius": 24,
        "flex": 1,
        "marginBottom": 10,
        "padding": 10,
      }
    }>
    <Text
      accessible={true}
      allowFontScaling={true}
      ellipsizeMode="tail"
      style={
        Object {
          "color": "white",
          "fontSize": 18,
          "fontWeight": "bold",
          "marginBottom": 5,
        }
      }>
      Added Projects
    </Text>
    <ScrollView />
  </View>
  <View
    style={
      Object {
        "flexDirection": "row",
        "justifyContent": "flex-end",
      }
    }>
    <View
      accessibilityComponentType={undefined}
      accessibilityLabel={undefined}
      accessibilityTraits={undefined}
      accessible={true}
      hitSlop={undefined}
      onLayout={undefined}
      onResponderGrant={[Function]}
      onResponderMove={[Function]}
      onResponderRelease={[Function]}
      onResponderTerminate={[Function]}
      onResponderTerminationRequest={[Function]}
      onStartShouldSetResponder={[Function]}
      style={
        Array [
          Object {
            "backgroundColor": "transparent",
          },
          Object {
            "alignItems": "center",
            "backgroundColor": "#ADD8E6",
            "borderRadius": 64,
            "height": 40,
            "justifyContent": "center",
            "width": 100,
          },
        ]
      }
      testID={undefined}>
      <Text
        accessible={true}
        allowFontScaling={true}
        ellipsizeMode="tail"
        style={
          Object {
            "color": "white",
            "fontWeight": "bold",
          }
        }>
         Finish 
      </Text>
    </View>
  </View>
</View>
`;
